[33m▲ [43;33m[[43;30mWARNING[43;33m][0m [1mProxy environment variables detected. We'll use your proxy for fetch requests.[0m



 ⛅️ wrangler 4.86.0 (update available 4.114.0)
──────────────────────────────────────────────
Successfully created tail, expires at 2026-07-26T14:53:23Z
Connected to knowledge-space-worker, waiting for logs...
POST https://kb.dongjun.tech/ingest - Ok @ 7/26/2026, 4:59:04 PM
  (log) [Dedao-B站] ❌ HTTP 403，停止：{"success":false,"data":null,"error":{"code":10201,"message":"OpenAPI 仅对会员开放","reason":"not_member"},"meta":{"timestamp":1785056345},"request_id":"fbc16483583f001"}
  (log) [Dedao-B站] ❌ 失败：HTTP 403: {"success":false,"data":null,"error":{"code":10201,"message":"OpenAPI 仅对会员开放","reason":"not_member"}，不兜底，直接返回
  (log) [TikHub-B站] ✅ 2535ms bvid=BV1QTKP61EtP view=108017
  (log) [Firecrawl] ✅ 抓取成功: 21482字符 (7140ms, proxy=basic)
  (error) [Coze] 请求失败，状态码: 401
GET http://kb.dongjun.tech/ - Ok @ 7/26/2026, 6:09:30 PM
GET https://kb.dongjun.tech/sitemap.xml - Ok @ 7/26/2026, 6:14:01 PM
GET https://kb.dongjun.tech/robots.txt - Ok @ 7/26/2026, 6:14:01 PM
This error originated either by throwing inside of an async function without a catch block, or by rejecting a promise which was not handled with .catch(). The promise rejected with the reason:
TypeError: fetch failed
    at Object.processResponse (/Users/dj/knowledge-space-worker/node_modules/wrangler/wrangler-dist/cli.js:24198:21)
    at /Users/dj/knowledge-space-worker/node_modules/wrangler/wrangler-dist/cli.js:24584:23
    at node:internal/process/task_queues:140:7
    at AsyncResource.runInAsyncScope (node:async_hooks:206:9)
    at AsyncResource.runMicrotask (node:internal/process/task_queues:137:8)
    at process.processTicksAndRejections (node:internal/process/task_queues:95:5)
